adding foo
adding foo.d/bAr.hg.d/BaR
adding foo.d/baR.d.hg/bAR
adding foo.d/foo
% clone
requesting all changes
adding changesets
adding manifests
adding file changes
added XXX changesets with XXX changes to XXX files
updating to branch default
XXX files updated, XXX files merged, XXX files removed, XXX files unresolved

% add a commit to the clone

% verify that the branchheads are stored properly
pulling from http://localhost:/
searching for changes
no changes found
@  changeset:   1:610fbbf9c9f6
|  tag:         tip
|  user:        test
|  date:        Thu Jan 01 00:00:00 1970 +0000
|  summary:     add alpha
|
o  changeset:   0:8b6053c928fe
   tag:         default/default
   user:        test
   date:        Thu Jan 01 00:00:00 1970 +0000
   summary:     1

